
> server@1.0.0 dev
> nodemon

[33m[nodemon] 3.1.14[39m
[33m[nodemon] to restart at any time, enter `rs`[39m
[33m[nodemon] watching path(s): src\**\* .env[39m
[33m[nodemon] watching extensions: js,mjs,cjs,json,env[39m
[32m[nodemon] starting `node src/server.js`[39m
◇ injected env (4) from .env // tip: ⌘ enable debugging { debug: true }
◇ injected env (0) from .env // tip: ⌘ custom filepath { path: '/custom/path/.env' }
MongoDB connected: ac-xqvrr7p-shard-00-00.8r46mr6.mongodb.net
ArchMind server running on port 5000
Attention: Clerk collects telemetry data from its SDKs when connected to development instances.
The data collected is used to inform Clerk's product roadmap.
To learn more, including how to opt-out from the telemetry program, visit: https://clerk.com/docs/telemetry.

[syncUser] userId: user_3I7TsIL4xRcGLQEFVb68UlN6oBH
[syncUser] email: subham.satyajit05@gmail.com
[32m[nodemon] restarting due to changes...[39m
[32m[nodemon] restarting due to changes...[39m
[32m[nodemon] restarting due to changes...[39m
[32m[nodemon] restarting due to changes...[39m
[32m[nodemon] starting `node src/server.js`[39m
◇ injected env (4) from .env // tip: ⌘ multiple files { path: ['.env.local', '.env'] }
◇ injected env (0) from .env // tip: ⌘ override existing { override: true }
MongoDB connected: ac-xqvrr7p-shard-00-00.8r46mr6.mongodb.net
ArchMind server running on port 5000
Attention: Clerk collects telemetry data from its SDKs when connected to development instances.
The data collected is used to inform Clerk's product roadmap.
To learn more, including how to opt-out from the telemetry program, visit: https://clerk.com/docs/telemetry.

[32m[nodemon] restarting due to changes...[39m
[32m[nodemon] starting `node src/server.js`[39m
◇ injected env (4) from .env // tip: ◈ secrets for agents [www.dotenvx.com]
◇ injected env (0) from .env // tip: ⌘ enable debugging { debug: true }
MongoDB connected: ac-xqvrr7p-shard-00-00.8r46mr6.mongodb.net
ArchMind server running on port 5000
[32m[nodemon] restarting due to changes...[39m
[32m[nodemon] restarting due to changes...[39m
[32m[nodemon] restarting due to changes...[39m
[32m[nodemon] restarting due to changes...[39m
[32m[nodemon] starting `node src/server.js`[39m
◇ injected env (4) from .env // tip: ⌘ custom filepath { path: '/custom/path/.env' }
◇ injected env (0) from .env // tip: ◈ secrets for agents [www.dotenvx.com]
MongoDB connected: ac-xqvrr7p-shard-00-00.8r46mr6.mongodb.net
ArchMind server running on port 5000
[32m[nodemon] restarting due to changes...[39m
[32m[nodemon] restarting due to changes...[39m
[32m[nodemon] restarting due to changes...[39m
[32m[nodemon] restarting due to changes...[39m
[32m[nodemon] starting `node src/server.js`[39m
◇ injected env (4) from .env // tip: ⌁ auth for agents [www.vestauth.com]
◇ injected env (0) from .env // tip: ⌁ auth for agents [www.vestauth.com]
MongoDB connected: ac-xqvrr7p-shard-00-00.8r46mr6.mongodb.net
ArchMind server running on port 5000
